node.exe : FAIL src/app/core/audit/__tests__/export-excel.test.js
At C:\Program Files\nodejs\npx.ps1:29 char:3
+   & $NODE_EXE $NPX_CLI_JS $args
+   ~~~~~~~~~~~~~~~~~~~~~~~~~~~~~
    + CategoryInfo          : NotSpecified: (FAIL src/app/co...t-excel.test. 
   js:String) [], RemoteException
    + FullyQualifiedErrorId : NativeCommandError
 
  Audit Export Excel - File Save Location
    File System Access API Availability
      ├ù should check if showSaveFilePicker is available (3 ms)
      ├ù should use File System Access API when available (1 ms)
    User Save Location Selection
      ├ù should allow user to select save location
      ├ù should handle user cancellation gracefully (1 ms)
      ├ù should suggest correct filename format (1 ms)
    File Writing Process
      ├ù should write file to selected location
      ├ù should handle write errors gracefully
    Fallback Mechanism
      ΓêÜ should fallback to XLSX.writeFile when File System Access API not 
available (1 ms)
      ├ù should fallback when File System Access API throws non-abort error 
(1 ms)
    File Type Configuration
      ├ù should only accept .xlsx files
      ΓêÜ should append .xlsx extension if not provided
    Integration Test - Complete Export Flow
      ├ù should complete full export flow with user-selected location

  ΓùÅ Audit Export Excel - File Save Location ΓÇ║ File System Access API 
Availability ΓÇ║ should check if showSaveFilePicker is available

    expect(received).toBe(expected) // Object.is equality

    Expected: true
    Received: false

    [0m [90m 51 |[39m
     [90m 52 |[39m         test([32m'should check if showSaveFilePicker 
is available'[39m[33m,[39m () [33m=>[39m {
    [31m[1m>[22m[39m[90m 53 |[39m             
expect([32m'showSaveFilePicker'[39m [36min[39m 
window)[33m.[39mtoBe([36mtrue[39m)[33m;[39m
     [90m    |[39m                                                    
[31m[1m^[22m[39m
     [90m 54 |[39m         })[33m;[39m
     [90m 55 |[39m
     [90m 56 |[39m         test([32m'should use File System Access API 
when available'[39m[33m,[39m [36masync[39m () [33m=>[39m {[0m

      at Object.toBe 
(src/app/core/audit/__tests__/export-excel.test.js:53:52)

  ΓùÅ Audit Export Excel - File Save Location ΓÇ║ File System Access API 
Availability ΓÇ║ should use File System Access API when available

    TypeError: window.showSaveFilePicker is not a function

    [0m [90m 60 |[39m             [36mconst[39m filename [33m=[39m 
[32m'audit_logs_20251125.xlsx'[39m[33m;[39m
     [90m 61 |[39m
    [31m[1m>[22m[39m[90m 62 |[39m             [36mconst[39m 
fileHandle [33m=[39m [36mawait[39m window[33m.[39mshowSaveFilePicker({
     [90m    |[39m                                             
[31m[1m^[22m[39m
     [90m 63 |[39m                 suggestedName[33m:[39m 
filename[33m,[39m
     [90m 64 |[39m                 types[33m:[39m [{
     [90m 65 |[39m                     description[33m:[39m [32m'Excel 
Files'[39m[33m,[39m[0m

      at Object.showSaveFilePicker 
(src/app/core/audit/__tests__/export-excel.test.js:62:45)

  ΓùÅ Audit Export Excel - File Save Location ΓÇ║ User Save Location 
Selection ΓÇ║ should allow user to select save location

    TypeError: window.showSaveFilePicker is not a function

    [0m [90m 85 |[39m
     [90m 86 |[39m         test([32m'should allow user to select save 
location'[39m[33m,[39m [36masync[39m () [33m=>[39m {
    [31m[1m>[22m[39m[90m 87 |[39m             [36mconst[39m 
fileHandle [33m=[39m [36mawait[39m window[33m.[39mshowSaveFilePicker({
     [90m    |[39m                                             
[31m[1m^[22m[39m
     [90m 88 |[39m                 suggestedName[33m:[39m 
[32m'audit_logs.xlsx'[39m[33m,[39m
     [90m 89 |[39m                 types[33m:[39m [{
     [90m 90 |[39m                     description[33m:[39m [32m'Excel 
Files'[39m[33m,[39m[0m

      at Object.showSaveFilePicker 
(src/app/core/audit/__tests__/export-excel.test.js:87:45)

  ΓùÅ Audit Export Excel - File Save Location ΓÇ║ User Save Location 
Selection ΓÇ║ should handle user cancellation gracefully

    expect(received).toBe(expected) // Object.is equality

    Expected: "AbortError"
    Received: "TypeError"

    [0m [90m 113 |[39m                 fail([32m'Should have thrown 
AbortError'[39m)[33m;[39m
     [90m 114 |[39m             } [36mcatch[39m (err) {
    [31m[1m>[22m[39m[90m 115 |[39m                 
expect(err[33m.[39mname)[33m.[39mtoBe([32m'AbortError'[39m)[33m;[39m
     [90m     |[39m                                  [31m[1m^[22m[39m
     [90m 116 |[39m                 
expect(mockShowSaveFilePicker)[33m.[39mtoHaveBeenCalled()[33m;[39m
     [90m 117 |[39m             }
     [90m 118 |[39m         })[33m;[39m[0m

      at Object.toBe 
(src/app/core/audit/__tests__/export-excel.test.js:115:34)

  ΓùÅ Audit Export Excel - File Save Location ΓÇ║ User Save Location 
Selection ΓÇ║ should suggest correct filename format

    TypeError: window.showSaveFilePicker is not a function

    [0m [90m 122 |[39m             [36mconst[39m expectedFilename 
[33m=[39m [32m`audit_logs_${now.getFullYear()}${String(now.getMonth() + 
1).padStart(2, '0')}${String(now.getDate()).padStart(2, 
'0')}.xlsx`[39m[33m;[39m
     [90m 123 |[39m
    [31m[1m>[22m[39m[90m 124 |[39m             [36mawait[39m 
window[33m.[39mshowSaveFilePicker({
     [90m     |[39m                          [31m[1m^[22m[39m
     [90m 125 |[39m                 suggestedName[33m:[39m 
expectedFilename[33m,[39m
     [90m 126 |[39m                 types[33m:[39m [{
     [90m 127 |[39m                     description[33m:[39m [32m'Excel 
Files'[39m[33m,[39m[0m

      at Object.showSaveFilePicker 
(src/app/core/audit/__tests__/export-excel.test.js:124:26)

  ΓùÅ Audit Export Excel - File Save Location ΓÇ║ File Writing Process ΓÇ║ 
should write file to selected location

    TypeError: window.showSaveFilePicker is not a function

    [0m [90m 143 |[39m             [36mconst[39m [33mXLSX[39m 
[33m=[39m require([32m'xlsx'[39m)[33m;[39m
     [90m 144 |[39m
    [31m[1m>[22m[39m[90m 145 |[39m             [36mconst[39m 
fileHandle [33m=[39m [36mawait[39m window[33m.[39mshowSaveFilePicker({
     [90m     |[39m                                             
[31m[1m^[22m[39m
     [90m 146 |[39m                 suggestedName[33m:[39m 
[32m'audit_logs.xlsx'[39m[33m,[39m
     [90m 147 |[39m                 types[33m:[39m [{
     [90m 148 |[39m                     description[33m:[39m [32m'Excel 
Files'[39m[33m,[39m[0m

      at Object.showSaveFilePicker 
(src/app/core/audit/__tests__/export-excel.test.js:145:45)

  ΓùÅ Audit Export Excel - File Save Location ΓÇ║ File Writing Process ΓÇ║ 
should handle write errors gracefully

    TypeError: window.showSaveFilePicker is not a function

    [0m [90m 165 |[39m             
mockWrite[33m.[39mmockRejectedValueOnce([36mnew[39m 
[33mError[39m([32m'Write failed'[39m))[33m;[39m
     [90m 166 |[39m
    [31m[1m>[22m[39m[90m 167 |[39m             [36mconst[39m 
fileHandle [33m=[39m [36mawait[39m window[33m.[39mshowSaveFilePicker({
     [90m     |[39m                                             
[31m[1m^[22m[39m
     [90m 168 |[39m                 suggestedName[33m:[39m 
[32m'audit_logs.xlsx'[39m[33m,[39m
     [90m 169 |[39m                 types[33m:[39m [{
     [90m 170 |[39m                     description[33m:[39m [32m'Excel 
Files'[39m[33m,[39m[0m

      at Object.showSaveFilePicker 
(src/app/core/audit/__tests__/export-excel.test.js:167:45)

  ΓùÅ Audit Export Excel - File Save Location ΓÇ║ Fallback Mechanism ΓÇ║ 
should fallback when File System Access API throws non-abort error

    expect(received).toBe(expected) // Object.is equality

    Expected: "Permission denied"
    Received: "window.showSaveFilePicker is not a function"

    [0m [90m 221 |[39m             } [36mcatch[39m (err) {
     [90m 222 |[39m                 [90m// Error caught, should 
fallback[39m
    [31m[1m>[22m[39m[90m 223 |[39m                 
expect(err[33m.[39mmessage)[33m.[39mtoBe([32m'Permission 
denied'[39m)[33m;[39m
     [90m     |[39m                                     
[31m[1m^[22m[39m
     [90m 224 |[39m             }
     [90m 225 |[39m
     [90m 226 |[39m             [90m// Fallback to standard 
download[39m[0m

      at Object.toBe 
(src/app/core/audit/__tests__/export-excel.test.js:223:37)

  ΓùÅ Audit Export Excel - File Save Location ΓÇ║ File Type Configuration 
ΓÇ║ should only accept .xlsx files

    TypeError: window.showSaveFilePicker is not a function

    [0m [90m 236 |[39m
     [90m 237 |[39m         test([32m'should only accept .xlsx 
files'[39m[33m,[39m [36masync[39m () [33m=>[39m {
    [31m[1m>[22m[39m[90m 238 |[39m             [36mawait[39m 
window[33m.[39mshowSaveFilePicker({
     [90m     |[39m                          [31m[1m^[22m[39m
     [90m 239 |[39m                 suggestedName[33m:[39m 
[32m'audit_logs.xlsx'[39m[33m,[39m
     [90m 240 |[39m                 types[33m:[39m [{
     [90m 241 |[39m                     description[33m:[39m [32m'Excel 
Files'[39m[33m,[39m[0m

      at Object.showSaveFilePicker 
(src/app/core/audit/__tests__/export-excel.test.js:238:26)

  ΓùÅ Audit Export Excel - File Save Location ΓÇ║ Integration Test - 
Complete Export Flow ΓÇ║ should complete full export flow with user-selected 
location

    TypeError: window.showSaveFilePicker is not a function

    [0m [90m 282 |[39m
     [90m 283 |[39m             [90m// Step 2: File picker opens[39m
    [31m[1m>[22m[39m[90m 284 |[39m             [36mconst[39m 
fileHandle [33m=[39m [36mawait[39m window[33m.[39mshowSaveFilePicker({
     [90m     |[39m                                             
[31m[1m^[22m[39m
     [90m 285 |[39m                 suggestedName[33m:[39m 
filename[33m,[39m
     [90m 286 |[39m                 types[33m:[39m [{
     [90m 287 |[39m                     description[33m:[39m [32m'Excel 
Files'[39m[33m,[39m[0m

      at Object.showSaveFilePicker 
(src/app/core/audit/__tests__/export-excel.test.js:284:45)

Test Suites: 1 failed, 1 total
Tests:       10 failed, 2 passed, 12 total
Snapshots:   0 total
Time:        1.575 s
Ran all test suites matching 
/src\\app\\core\\audit\\__tests__\\export-excel.test.js/i.
